23:36:25 **** Incremental Build of configuration Debug for project STM32F103_LCD_I2C ****
make -j8 all 
arm-none-eabi-gcc "../Core/Src/liquidcrystal_i2c.c" -mcpu=cortex-m3 -std=gnu11 -g3 -DDEBUG -DUSE_HAL_DRIVER -DSTM32F103xB -c -I../Core/Inc -I../Drivers/STM32F1xx_HAL_Driver/Inc/Legacy -I../Drivers/STM32F1xx_HAL_Driver/Inc -I../Drivers/CMSIS/Device/ST/STM32F1xx/Include -I../Drivers/CMSIS/Include -O0 -ffunction-sections -fdata-sections -Wall -fstack-usage -fcyclomatic-complexity -MMD -MP -MF"Core/Src/liquidcrystal_i2c.d" -MT"Core/Src/liquidcrystal_i2c.o" --specs=nano.specs -mfloat-abi=soft -mthumb -o "Core/Src/liquidcrystal_i2c.o"
arm-none-eabi-gcc "../Core/Src/main.c" -mcpu=cortex-m3 -std=gnu11 -g3 -DDEBUG -DUSE_HAL_DRIVER -DSTM32F103xB -c -I../Core/Inc -I../Drivers/STM32F1xx_HAL_Driver/Inc/Legacy -I../Drivers/STM32F1xx_HAL_Driver/Inc -I../Drivers/CMSIS/Device/ST/STM32F1xx/Include -I../Drivers/CMSIS/Include -O0 -ffunction-sections -fdata-sections -Wall -fstack-usage -fcyclomatic-complexity -MMD -MP -MF"Core/Src/main.d" -MT"Core/Src/main.o" --specs=nano.specs -mfloat-abi=soft -mthumb -o "Core/Src/main.o"
../Core/Src/main.c: In function 'main':
../Core/Src/main.c:135:7: warning: implicit declaration of function 'itoa' [-Wimplicit-function-declaration]
  135 |       itoa(x, snum, 10);
      |       ^~~~
../Core/Src/main.c:125:9: warning: unused variable 'x' [-Wunused-variable]
  125 |     int x;
      |         ^
arm-none-eabi-gcc -o "STM32F103_LCD_I2C.elf" @"objects.list"   -mcpu=cortex-m3 -T"D:\STM32Workspace\STM32F103_LCD_I2C\STM32F103C8TX_FLASH.ld" --specs=nosys.specs -Wl,-Map="STM32F103_LCD_I2C.map" -Wl,--gc-sections -static --specs=nano.specs -mfloat-abi=soft -mthumb -Wl,--start-group -lc -lm -Wl,--end-group
Finished building target: STM32F103_LCD_I2C.elf
 
arm-none-eabi-size  STM32F103_LCD_I2C.elf 
arm-none-eabi-objdump -h -S STM32F103_LCD_I2C.elf  > "STM32F103_LCD_I2C.list"
arm-none-eabi-objcopy  -O ihex STM32F103_LCD_I2C.elf  "STM32F103_LCD_I2C.hex"
   text	   data	    bss	    dec	    hex	filename
   9012	     36	   1660	  10708	   29d4	STM32F103_LCD_I2C.elf
Finished building: default.size.stdout
 
Finished building: STM32F103_LCD_I2C.hex
Finished building: STM32F103_LCD_I2C.list
 
 

23:36:25 Build Finished. 0 errors, 2 warnings. (took 663ms)

